// Jest Snapshot v1, https://goo.gl/fbAQLP

exports[`<Empty /> should render correctly 1`] = `
.c0 {
  display: flex;
  flex-direction: column;
  align-items: center;
  text-align: center;
}

.c1 {
  max-width: 100%;
}

.c2 {
  color: #F231A5;
  font-size: 2.8rem;
}

.c3 {
  color: #FAFAFA;
  font-size: 1.8rem;
  font-weight: 300;
  margin-bottom: 3.2rem;
}

.c4 {
  display: inline-flex;
  justify-content: center;
  background: linear-gradient(180deg, #ff5f5f 0%, #f062c0 50%);
  color: #FAFAFA;
  cursor: pointer;
  border: 0;
  border-radius: 0.4rem;
  padding: 0.8rem;
  text-decoration: none;
  height: 4rem;
  font-size: 1.4rem;
  padding: 0.8rem 3.2rem;
}

.c4:hover {
  background: linear-gradient(180deg, #e35565 0%, #d958a6 50%);
}

<body>
  <div>
    <main
      class="c0"
    >
      <img
        alt="A gamer in a couch playing videogame"
        class="c1"
        role="image"
        src="/img/empty.svg"
      />
      <h2
        class="c2"
      >
        A simple title
      </h2>
      <p
        class="c3"
      >
        A simple description
      </p>
      <a
        href="/"
      >
        <a
          class="c4"
        >
          <span>
            Go back to store
          </span>
        </a>
      </a>
    </main>
  </div>
</body>
`;
