// Jest Snapshot v1, https://goo.gl/fbAQLP

exports[`<ProductInfo /> should render product information 1`] = `
.c6 {
  display: inline-flex;
  justify-content: center;
  background: linear-gradient(180deg, #ff5f5f 0%, #f062c0 50%);
  color: #FAFAFA;
  cursor: pointer;
  border: 0;
  border-radius: 0.4rem;
  padding: 0.8rem;
  text-decoration: none;
  height: 3rem;
  font-size: 1.2rem;
}

.c6:hover {
  background: linear-gradient(180deg, #e35565 0%, #d958a6 50%);
}

.c1 {
  color: #030517;
  position: relative;
  margin-bottom: 3.2rem;
  font-size: 2.0rem;
}

.c1::after {
  content: '';
  position: absolute;
  left: 0;
  bottom: -1rem;
  width: 5rem;
  border-bottom: 0.5rem solid #F231A5;
}

.c7 {
  display: inline-block;
  vertical-align: middle;
  overflow: hidden;
}

.c0 {
  position: relative;
  background: #FAFAFA;
  padding: 2.4rem;
}

.c3 {
  font-size: 1.4rem;
  color: #8F8F8F;
  margin-bottom: 2.4rem;
}

.c2 {
  position: relative;
  width: 100%;
  height: 23rem;
  margin-bottom: 2.4rem;
}

.c4 {
  display: flex;
  align-items: center;
  justify-content: flex-end;
  margin-top: 0.8rem;
}

.c5 {
  display: inline-flex;
  font-weight: 600;
  height: 3rem;
  align-items: center;
  color: #FAFAFA;
  padding: 0 0.8rem;
  background-color: #3CD3C1;
  border-radius: 0.4rem;
  margin-right: calc(0.8rem / 2);
}

@media (min-width: 768px) {
  .c1 {
    font-size: 2.8rem;
  }
}

@media (min-width: 768px) {
  .c3 {
    max-width: 77rem;
  }
}

@media (min-width: 768px) {
  .c2 {
    height: 58rem;
  }
}

<div
  class="c0"
>
  <h2
    class="c1"
    color="black"
  >
    product Title 2
  </h2>
  <div
    class="c2"
  >
    <img
      alt="product Title 2"
      data-nimg="fill"
      decoding="async"
      loading="lazy"
      sizes="100vw"
      src="/_next/image?url=https%3A%2F%2Fsource.unsplash.com%2Fuser%2Fwillianjusten%2F300x140&w=3840&q=75"
      srcset="/_next/image?url=https%3A%2F%2Fsource.unsplash.com%2Fuser%2Fwillianjusten%2F300x140&w=640&q=75 640w, /_next/image?url=https%3A%2F%2Fsource.unsplash.com%2Fuser%2Fwillianjusten%2F300x140&w=750&q=75 750w, /_next/image?url=https%3A%2F%2Fsource.unsplash.com%2Fuser%2Fwillianjusten%2F300x140&w=828&q=75 828w, /_next/image?url=https%3A%2F%2Fsource.unsplash.com%2Fuser%2Fwillianjusten%2F300x140&w=1080&q=75 1080w, /_next/image?url=https%3A%2F%2Fsource.unsplash.com%2Fuser%2Fwillianjusten%2F300x140&w=1200&q=75 1200w, /_next/image?url=https%3A%2F%2Fsource.unsplash.com%2Fuser%2Fwillianjusten%2F300x140&w=1920&q=75 1920w, /_next/image?url=https%3A%2F%2Fsource.unsplash.com%2Fuser%2Fwillianjusten%2F300x140&w=2048&q=75 2048w, /_next/image?url=https%3A%2F%2Fsource.unsplash.com%2Fuser%2Fwillianjusten%2F300x140&w=3840&q=75 3840w"
      style="position: absolute; height: 100%; width: 100%; left: 0px; top: 0px; right: 0px; bottom: 0px; color: transparent;"
    />
  </div>
  <p
    class="c3"
  >
    the new product new
  </p>
  <div
    class="c4"
  >
    <div
      class="c5"
    >
      R$Â 210,00
    </div>
    <button
      class="c6"
    >
      <svg
        aria-hidden="true"
        class="c7"
        fill="currentColor"
        focusable="false"
        viewBox="0 0 24 24"
        xmlns="http://www.w3.org/2000/svg"
      >
        <path
          d="M11 9h2V6h3V4h-3V1h-2v3H8v2h3v3zm-4 9c-1.1 0-1.99.9-1.99 2S5.9 22 7 22s2-.9 2-2-.9-2-2-2zm10 0c-1.1 0-1.99.9-1.99 2s.89 2 1.99 2 2-.9 2-2-.9-2-2-2zm-8.9-5h7.45c.75 0 1.41-.41 1.75-1.03l3.86-7.01L19.42 4l-3.87 7H8.53L4.27 2H1v2h2l3.6 7.59-1.35 2.44C4.52 15.37 5.48 17 7 17h12v-2H7l1.1-2z"
        />
      </svg>
      <span>
        Add to cart
      </span>
    </button>
  </div>
</div>
`;
